../Core/Src/main.c:1748:6:StartRpiTask	8	static
../Core/Src/main.c:1675:6:StartOledTask	160	static
../Core/Src/main.c:1937:6:StartBulleyesTask	8	static
../Core/Src/main.c:1977:6:StartEncoderRightTask	16	static
../Core/Src/main.c:2021:6:StartEncoderLeftTask	16	static
../Core/Src/main.c:390:6:SystemClock_Config	88	static,ignoring_inline_asm
../Core/Src/main.c:250:5:main	120	static,ignoring_inline_asm
../Core/Src/main.c:955:6:HAL_UART_RxCpltCallback	8	static
../Core/Src/main.c:967:6:HAL_GPIO_EXTI_Callback	0	static
../Core/Src/main.c:978:6:delay	0	static
../Core/Src/main.c:984:6:HAL_TIM_IC_CaptureCallback	16	static
../Core/Src/main.c:1031:6:ultrasonic_read	16	static
../Core/Src/main.c:1475:6:StartDefaultTask	16	static
../Core/Src/main.c:1040:6:buzzerBeep	16	static
../Core/Src/main.c:1048:6:moveCarStraight	16	static
../Core/Src/main.c:1062:6:moveCarStraightSensor	8	static
../Core/Src/main.c:1071:6:moveCarStop	0	static
../Core/Src/main.c:1078:6:moveCarRight	16	static
../Core/Src/main.c:1087:6:moveCarLeft	16	static
../Core/Src/main.c:1208:5:PID_Control	16	static
../Core/Src/main.c:1256:5:PID_Angle_30	24	static
../Core/Src/main.c:1316:5:PID_Angle_90	24	static
../Core/Src/main.c:1367:5:PID_Juke	32	static
../Core/Src/main.c:1536:6:StartMotorTask	40	static
../Core/Src/main.c:1421:5:finishCheck	0	static
../Core/Src/main.c:1096:6:moveCarSlideRight	24	static
../Core/Src/main.c:1122:6:moveCarSlideLeft	24	static
../Core/Src/main.c:1148:6:moveCarRight90	32	static
../Core/Src/main.c:1176:6:moveCarLeft90	32	static
../Core/Src/main.c:2066:6:StartJukeTask	72	static
../Core/Src/main.c:1434:6:readByte	24	static
../Core/Src/main.c:1440:6:writeByte	16	static
../Core/Src/main.c:1446:6:gyroInit	8	static
../Core/Src/main.c:1881:6:StartGyroTask	48	static
../Core/Src/main.c:2520:6:Error_Handler	0	static,ignoring_inline_asm
