../Core/Src/main.c:1021:6:StartDefaultTask	8	static
../Core/Src/main.c:1151:6:StartOLEDTask	112	static
../Core/Src/main.c:1374:6:StartEncoderRTask	16	static
../Core/Src/main.c:1415:6:StartEncoderLTask	16	static
../Core/Src/main.c:263:6:SystemClock_Config	88	static,ignoring_inline_asm
../Core/Src/main.c:153:5:main	120	static,ignoring_inline_asm
../Core/Src/main.c:718:6:HAL_UART_RxCpltCallback	0	static
../Core/Src/main.c:725:6:delay	0	static
../Core/Src/main.c:731:6:HAL_TIM_IC_CaptureCallback	16	static
../Core/Src/main.c:761:6:HCSR04_Read	8	static
../Core/Src/main.c:789:6:moveCarStop	0	static
../Core/Src/main.c:884:5:PID_Control	16	static
../Core/Src/main.c:924:5:PID_Angle	16	static
../Core/Src/main.c:1038:6:StartMotorTask	40	static
../Core/Src/main.c:964:5:finishCheck	8	static
../Core/Src/main.c:770:6:moveCarStraight	16	static
../Core/Src/main.c:795:6:moveCarRight	16	static
../Core/Src/main.c:1233:6:StartUltrasonicTask	8	static
../Core/Src/main.c:808:6:moveCarLeft	16	static
../Core/Src/main.c:821:6:moveCarSlideRight	16	static
../Core/Src/main.c:852:6:moveCarSlideLeft	16	static
../Core/Src/main.c:1267:6:StartCommunicateTask	16	static,ignoring_inline_asm
../Core/Src/main.c:980:6:readByte	24	static
../Core/Src/main.c:986:6:writeByte	16	static
../Core/Src/main.c:992:6:gyroInit	8	static
../Core/Src/main.c:1185:6:StartGyroTask	56	static
../Core/Src/main.c:1453:6:Error_Handler	0	static,ignoring_inline_asm
