../Core/Src/main.c:1482:6:TestTask	8	static
../Core/Src/main.c:1065:6:StartDefaultTask	8	static
../Core/Src/main.c:1197:6:StartOLEDTask	112	static
../Core/Src/main.c:1398:6:StartEncoderRTask	16	static
../Core/Src/main.c:1440:6:StartEncoderLTask	16	static
../Core/Src/main.c:283:6:SystemClock_Config	88	static,ignoring_inline_asm
../Core/Src/main.c:177:5:main	120	static,ignoring_inline_asm
../Core/Src/main.c:759:6:HAL_UART_RxCpltCallback	0	static
../Core/Src/main.c:766:6:delay	0	static
../Core/Src/main.c:772:6:HAL_TIM_IC_CaptureCallback	16	static
../Core/Src/main.c:802:6:HCSR04_Read	8	static
../Core/Src/main.c:830:6:moveCarStop	0	static
../Core/Src/main.c:928:5:PID_Control	16	static
../Core/Src/main.c:968:5:PID_Angle	16	static
../Core/Src/main.c:1083:6:StartMotorTask	40	static
../Core/Src/main.c:1008:5:finishCheck	8	static
../Core/Src/main.c:811:6:moveCarStraight	16	static
../Core/Src/main.c:836:6:moveCarRight	16	static
../Core/Src/main.c:849:6:moveCarLeft	16	static
../Core/Src/main.c:865:6:moveCarSlideRight	16	static
../Core/Src/main.c:896:6:moveCarSlideLeft	16	static
../Core/Src/main.c:1281:6:StartCommunicateTask	16	static,ignoring_inline_asm
../Core/Src/main.c:1024:6:readByte	24	static
../Core/Src/main.c:1030:6:writeByte	16	static
../Core/Src/main.c:1036:6:gyroInit	8	static
../Core/Src/main.c:1232:6:StartGyroTask	56	static
../Core/Src/main.c:1497:6:Error_Handler	0	static,ignoring_inline_asm
